[2025-12-21 17:33:49] [INFO] [SYSTEM] SERVER: Starting server initialization
[2025-12-21 17:33:49] [INFO] [SYSTEM] SERVER: Database connected successfully
[2025-12-21 17:33:49] [ERROR] [SYSTEM] SERVER: Socket bind failed
[2025-12-29 09:14:50] [INFO] [SYSTEM] SERVER: Starting server initialization
[2025-12-29 09:14:50] [INFO] [SYSTEM] SERVER: Database connected successfully
[2025-12-29 09:14:50] [ERROR] [SYSTEM] SERVER: Socket bind failed
[2025-12-31 00:20:40] [INFO] [SYSTEM] SERVER: Starting server initialization
[2025-12-31 00:20:40] [INFO] [SYSTEM] SERVER: Database connected successfully
[2025-12-31 00:20:40] [ERROR] [SYSTEM] SERVER: Socket bind failed
[2025-12-31 00:21:06] [INFO] [SYSTEM] SERVER: Starting server initialization
[2025-12-31 00:21:06] [INFO] [SYSTEM] SERVER: Database connected successfully
[2025-12-31 00:21:06] [INFO] [SYSTEM] SERVER: Server initialized and listening on port 8888
[2025-12-31 00:21:06] [INFO] [SYSTEM] SERVER: Exam server started successfully
[2025-12-31 00:21:14] [INFO] [SYSTEM] CONNECTION: New connection from 127.0.0.1:47994
[2025-12-31 00:21:23] [INFO] [SYSTEM] CONNECTION: New connection from 127.0.0.1:48164
[2025-12-31 00:29:07] [INFO] [SYSTEM] SERVER: Starting server initialization
[2025-12-31 00:29:07] [INFO] [SYSTEM] SERVER: Database connected successfully
[2025-12-31 00:29:07] [INFO] [SYSTEM] SERVER: Server initialized and listening on port 8888
[2025-12-31 00:29:07] [INFO] [SYSTEM] SERVER: Exam server started successfully
[2025-12-31 00:29:36] [INFO] [SYSTEM] CONNECTION: New connection from 127.0.0.1:43634
[2025-12-31 00:30:03] [INFO] [SYSTEM] CONNECTION: New connection from 127.0.0.1:54620
[2025-12-31 00:32:26] [INFO] [anonymous] DISCONNECT: Client socket 6 disconnected
[2025-12-31 00:32:28] [INFO] [anonymous] DISCONNECT: Client socket 7 disconnected
